// Jest Snapshot v1, https://goo.gl/fbAQLP

exports[`DuckComponent Snapshot 1`] = `
<div>
  Skrit Skrit
</div>
`;
